// Jest Snapshot v1, https://goo.gl/fbAQLP

exports[`CheckboxGroup snapshot renders 1`] = `
<div
  className="checkboxGroupWrapper"
>
  <div
    className="checkboxGroupItem"
  >
    <div
      className="ui checkbox badge "
      onChange={[Function]}
      onClick={[Function]}
      onMouseDown={[Function]}
      onMouseUp={[Function]}
    >
      <input
        checked={false}
        className="hidden"
        name={null}
        readOnly={true}
        tabIndex={0}
        type="checkbox"
      />
      <label>
        test
      </label>
    </div>
  </div>
</div>
`;
