// Jest Snapshot v1, https://goo.gl/fbAQLP

exports[`App snapshot renders 1`] = `
<div
  className="app"
>
  <div>
    Selector demo
  </div>
  <div
    className="panelContainer"
  >
    <div
      className="selectedItemsWrapper"
    />
    <div
      className="itemsWrapper"
    >
      <div
        className="checkboxGroupWrapper"
      >
        <div>
          <div
            className="ui checkbox badge "
            onChange={[Function]}
            onClick={[Function]}
            onMouseDown={[Function]}
            onMouseUp={[Function]}
          >
            <input
              checked={false}
              className="hidden"
              name={null}
              readOnly={true}
              tabIndex={0}
              type="checkbox"
            />
            <label>
              EUR
            </label>
          </div>
          <div
            className="ui checkbox badge "
            onChange={[Function]}
            onClick={[Function]}
            onMouseDown={[Function]}
            onMouseUp={[Function]}
          >
            <input
              checked={false}
              className="hidden"
              name={null}
              readOnly={true}
              tabIndex={0}
              type="checkbox"
            />
            <label>
              PLN
            </label>
          </div>
          <div
            className="ui checkbox badge "
            onChange={[Function]}
            onClick={[Function]}
            onMouseDown={[Function]}
            onMouseUp={[Function]}
          >
            <input
              checked={false}
              className="hidden"
              name={null}
              readOnly={true}
              tabIndex={0}
              type="checkbox"
            />
            <label>
              GEL
            </label>
          </div>
        </div>
        <div>
          <div
            className="ui checkbox badge "
            onChange={[Function]}
            onClick={[Function]}
            onMouseDown={[Function]}
            onMouseUp={[Function]}
          >
            <input
              checked={false}
              className="hidden"
              name={null}
              readOnly={true}
              tabIndex={0}
              type="checkbox"
            />
            <label>
              DKK
            </label>
          </div>
          <div
            className="ui checkbox badge "
            onChange={[Function]}
            onClick={[Function]}
            onMouseDown={[Function]}
            onMouseUp={[Function]}
          >
            <input
              checked={false}
              className="hidden"
              name={null}
              readOnly={true}
              tabIndex={0}
              type="checkbox"
            />
            <label>
              CZK
            </label>
          </div>
          <div
            className="ui checkbox badge "
            onChange={[Function]}
            onClick={[Function]}
            onMouseDown={[Function]}
            onMouseUp={[Function]}
          >
            <input
              checked={false}
              className="hidden"
              name={null}
              readOnly={true}
              tabIndex={0}
              type="checkbox"
            />
            <label>
              GBP
            </label>
          </div>
        </div>
        <div>
          <div
            className="ui checkbox badge "
            onChange={[Function]}
            onClick={[Function]}
            onMouseDown={[Function]}
            onMouseUp={[Function]}
          >
            <input
              checked={false}
              className="hidden"
              name={null}
              readOnly={true}
              tabIndex={0}
              type="checkbox"
            />
            <label>
              SEK
            </label>
          </div>
          <div
            className="ui checkbox badge "
            onChange={[Function]}
            onClick={[Function]}
            onMouseDown={[Function]}
            onMouseUp={[Function]}
          >
            <input
              checked={false}
              className="hidden"
              name={null}
              readOnly={true}
              tabIndex={0}
              type="checkbox"
            />
            <label>
              USD
            </label>
          </div>
          <div
            className="ui checkbox badge "
            onChange={[Function]}
            onClick={[Function]}
            onMouseDown={[Function]}
            onMouseUp={[Function]}
          >
            <input
              checked={false}
              className="hidden"
              name={null}
              readOnly={true}
              tabIndex={0}
              type="checkbox"
            />
            <label>
              RUB
            </label>
          </div>
        </div>
      </div>
    </div>
  </div>
</div>
`;
